[aceturbo.co.uk/index.html]
[backblue.gif]
[fade.gif]
[index.html]
[aceturbo.co.uk/img/core-img/favicon2.ico]
[aceturbo.co.uk/style.css]
[aceturbo.co.uk/css/task.css]
[aceturbo.co.uk/css/fontawesome-free/css/all.min.css]
[aceturbo.co.uk/img/logo.png]
[aceturbo.co.uk/cart.html]
[aceturbo.co.uk/garretTurbos.html]
[aceturbo.co.uk/holsetTurbos.html]
[aceturbo.co.uk/ihiTurbos.html]
[aceturbo.co.uk/mitsuTurbos.html]
[aceturbo.co.uk/schwitzerTurbos.html]
[aceturbo.co.uk/toyotaTurbos.html]
[aceturbo.co.uk/kkkTurbos.html]
[aceturbo.co.uk/turboRepairs.html]
[aceturbo.co.uk/remanufactured.html]
[aceturbo.co.uk/turboParts.html]
[aceturbo.co.uk/turboFitting.html]
[aceturbo.co.uk/newTurbos.html]
[aceturbo.co.uk/franchise.html]
[aceturbo.co.uk/businessPolicy.html]
[aceturbo.co.uk/deliveryPolicy.html]
[aceturbo.co.uk/refund.html]
[aceturbo.co.uk/contact.html]
[aceturbo.co.uk/img/blog-img/IMG5.jpg]
[aceturbo.co.uk/img/blog-img/Banner3.jpg]
[aceturbo.co.uk/img/AlfaRomeo.png]
[aceturbo.co.uk/img/Audii.png]
[aceturbo.co.uk/img/bmw.png]
[aceturbo.co.uk/img/Buick.png]
[aceturbo.co.uk/img/chrys.png]
[aceturbo.co.uk/img/Citroen.png]
[aceturbo.co.uk/img/bent.png]
[aceturbo.co.uk/img/daewoo.png]
[aceturbo.co.uk/img/dihat.png]
[aceturbo.co.uk/img/Ferrari.png]
[aceturbo.co.uk/img/Fiat.jpg]
[aceturbo.co.uk/img/ford.png]
[aceturbo.co.uk/img/hyundai.png]
[aceturbo.co.uk/img/isuzu.png]
[aceturbo.co.uk/img/ivecoo.jpg]
[aceturbo.co.uk/img/jeep.jpg]
[aceturbo.co.uk/img/Kia.png]
[aceturbo.co.uk/img/lancia.jpg]
[aceturbo.co.uk/img/LDV.png]
[aceturbo.co.uk/img/lotus.jpg]
[aceturbo.co.uk/img/maserati.jpg]
[aceturbo.co.uk/img/benz.jpg]
[aceturbo.co.uk/img/MG.png]
[aceturbo.co.uk/img/mini.jpg]
[aceturbo.co.uk/img/nissan.png]
[aceturbo.co.uk/img/opel.jpg]
[aceturbo.co.uk/img/vaux.jpg]
[aceturbo.co.uk/img/pontaic.png]
[aceturbo.co.uk/img/porsche.png]
[aceturbo.co.uk/img/puch.jpg]
[aceturbo.co.uk/img/roewe.jpg]
[aceturbo.co.uk/img/saab.png]
[aceturbo.co.uk/img/seat.png]
[aceturbo.co.uk/img/smart.jpg]
[aceturbo.co.uk/img/ssang.png]
[aceturbo.co.uk/img/subaro.png]
[aceturbo.co.uk/img/toyota.png]
[aceturbo.co.uk/img/volks.jpg]
[aceturbo.co.uk/img/volvo.jpg]
[aceturbo.co.uk/img/rover.jpg]
[aceturbo.co.uk/img/suzuki.jpg]
[aceturbo.co.uk/img/skoda.png]
[aceturbo.co.uk/img/renault.jpg]
[aceturbo.co.uk/img/peugeot.jpg]
[aceturbo.co.uk/img/mitsu.jpg]
[aceturbo.co.uk/img/mazda.jpg]
[aceturbo.co.uk/img/landrover.png]
[aceturbo.co.uk/img/jaguar.jpg]
[aceturbo.co.uk/img/honda.jpg]
[aceturbo.co.uk/img/Dodge.png]
[aceturbo.co.uk/img/Dacia.png]
[aceturbo.co.uk/img/chev.png]
[aceturbo.co.uk/img/TurboRequest.png]
[aceturbo.co.uk/img/cool.png]
[aceturbo.co.uk/img/quality.jpg]
[aceturbo.co.uk/regnum2.html]
[aceturbo.co.uk/repairpopcdc6.html]
[aceturbo.co.uk/js/jquery/jquery-2.2.4.min.js]
[aceturbo.co.uk/js/popper.min.js]
[aceturbo.co.uk/js/bootstrap.min.js]
[aceturbo.co.uk/js/plugins.js]
[aceturbo.co.uk/js/active.js]
[aceturbo.co.uk/pop5445.html]
[aceturbo.co.uk/formpop.html]
[aceturbo.co.uk/admin/plugins/datatables/jquery.dataTables.min.js]
[aceturbo.co.uk/admin/plugins/datatables-bs4/js/dataTables.bootstrap4.min.js]
[aceturbo.co.uk/admin/plugins/datatables-responsive/js/dataTables.responsive.min.js]
[aceturbo.co.uk/admin/plugins/datatables-responsive/js/responsive.bootstrap4.min.js]
[aceturbo.co.uk/filterpop.html]
[aceturbo.co.uk/emailsuccessful.html]
[aceturbo.co.uk/index.html]
[aceturbo.co.uk/css/bootstrap.min.css]
[aceturbo.co.uk/css/animate.css]
[aceturbo.co.uk/css/owl.carousel.css]
[aceturbo.co.uk/css/magnific-popup.css]
[aceturbo.co.uk/css/font-awesome.min.css]
[aceturbo.co.uk/css/themify-icons.css]
[aceturbo.co.uk/UKNumberPlate.ttf]
[aceturbo.co.uk/img/plate1.png]
[aceturbo.co.uk/style.css]
[aceturbo.co.uk/css/task.css]
[aceturbo.co.uk/css/fontawesome-free/webfonts/fa-brands-400.eot]
[aceturbo.co.uk/css/fontawesome-free/webfonts/fa-brands-400d41d.eot]
[aceturbo.co.uk/css/fontawesome-free/webfonts/fa-brands-400.woff2]
[aceturbo.co.uk/css/fontawesome-free/webfonts/fa-brands-400.woff]
[aceturbo.co.uk/css/fontawesome-free/webfonts/fa-brands-400.ttf]
[aceturbo.co.uk/css/fontawesome-free/webfonts/fa-regular-400.eot]
[aceturbo.co.uk/css/fontawesome-free/webfonts/fa-regular-400d41d.eot]
[aceturbo.co.uk/css/fontawesome-free/webfonts/fa-regular-400.woff2]
[aceturbo.co.uk/css/fontawesome-free/webfonts/fa-regular-400.woff]
[aceturbo.co.uk/css/fontawesome-free/webfonts/fa-regular-400.ttf]
[aceturbo.co.uk/css/fontawesome-free/webfonts/fa-solid-900.eot]
[aceturbo.co.uk/css/fontawesome-free/webfonts/fa-solid-900d41d.eot]
[aceturbo.co.uk/css/fontawesome-free/webfonts/fa-solid-900.woff2]
[aceturbo.co.uk/css/fontawesome-free/webfonts/fa-solid-900.woff]
[aceturbo.co.uk/css/fontawesome-free/webfonts/fa-solid-900.ttf]
[aceturbo.co.uk/css/fontawesome-free/css/all.min.css]
[aceturbo.co.uk/img/blog-img/IMG.jpg]
[aceturbo.co.uk/img/aceLogo1.png]
[aceturbo.co.uk/img/freedelivery.png]
[aceturbo.co.uk/cart.html]
[aceturbo.co.uk/img/garret.png]
[aceturbo.co.uk/garretTurbos.html]
[aceturbo.co.uk/img/holset.png]
[aceturbo.co.uk/holsetTurbos.html]
[aceturbo.co.uk/img/IHI.jpg]
[aceturbo.co.uk/ihiTurbos.html]
[aceturbo.co.uk/img/mitsubishi.jpg]
[aceturbo.co.uk/mitsuTurbos.html]
[aceturbo.co.uk/img/Schwitzer.png]
[aceturbo.co.uk/schwitzerTurbos.html]
[aceturbo.co.uk/img/toyota2.png]
[aceturbo.co.uk/toyotaTurbos.html]
[aceturbo.co.uk/img/kkk.png]
[aceturbo.co.uk/kkkTurbos.html]
[aceturbo.co.uk/img/cimat-48-twin.jpg]
[aceturbo.co.uk/img/repair.jpg]
[aceturbo.co.uk/img/parts.png]
[aceturbo.co.uk/turboRepairs.html]
[aceturbo.co.uk/img/parts/bearinghousing.png]
[aceturbo.co.uk/img/parts/turbineshaft.png]
[aceturbo.co.uk/img/parts/sealbearing.png]
[aceturbo.co.uk/img/parts/compressor.png]
[aceturbo.co.uk/img/parts/backplate.png]
[aceturbo.co.uk/img/parts/chra.jpg]
[aceturbo.co.uk/remanufactured.html]
[aceturbo.co.uk/turboParts.html]
[aceturbo.co.uk/img/workshop.jpg]
[aceturbo.co.uk/turboFitting.html]
[aceturbo.co.uk/img/manufactureres.png]
[aceturbo.co.uk/newTurbos.html]
[aceturbo.co.uk/franchise.html]
[aceturbo.co.uk/businessPolicy.html]
[aceturbo.co.uk/deliveryPolicy.html]
[aceturbo.co.uk/refund.html]
[aceturbo.co.uk/contact.html]
[aceturbo.co.uk/regnum2.html]
[aceturbo.co.uk/repairpopcdc6.html]
[www.w3schools.com/w3css/4/w3.css]
[aceturbo.co.uk/pop5445.html]
[aceturbo.co.uk/formpop.html]
[aceturbo.co.uk/filterpop.html]
[aceturbo.co.uk/emailsuccessful.html]
[aceturbo.co.uk/css/bootstrap.min.css]
[aceturbo.co.uk/css/animate.css]
[aceturbo.co.uk/css/owl.carousel.css]
[aceturbo.co.uk/css/magnific-popup.css]
[aceturbo.co.uk/fonts/fontawesome-webfont3e6e.eot]
[aceturbo.co.uk/fonts/fontawesome-webfontd41d.eot]
[aceturbo.co.uk/fonts/fontawesome-webfont3e6e.woff2]
[aceturbo.co.uk/fonts/fontawesome-webfont3e6e.woff]
[aceturbo.co.uk/fonts/fontawesome-webfont3e6e.ttf]
[aceturbo.co.uk/css/font-awesome.min.css]
[aceturbo.co.uk/fonts/themify9f24.eot]
[aceturbo.co.uk/fonts/themifyd41d.eot]
[aceturbo.co.uk/fonts/themify9f24.woff]
[aceturbo.co.uk/fonts/themify9f24.ttf]
[aceturbo.co.uk/css/themify-icons.css]
[aceturbo.co.uk/css/fontawesome-free/webfonts/fa-brands-400.svg]
[aceturbo.co.uk/css/fontawesome-free/webfonts/fa-regular-400.svg]
[aceturbo.co.uk/css/fontawesome-free/webfonts/fa-solid-900.svg]
[www.w3schools.com/w3css/4/w3.css]
[aceturbo.co.uk/css/owl.video.play.html]
[aceturbo.co.uk/fonts/fontawesome-webfont3e6e.svg]
[aceturbo.co.uk/fonts/themify9f24.svg]
